<?xml version="1.0" encoding="UTF-8"?>
<testsuites>
    <testsuite name="click-accept-cookie-button;going-to-willys-and-pressing-the-accept-cookies-button" tests="2" failures="0" skipped="0">
        <properties>
            <property name="URI" value="C:/Users/majki/OneDrive/Programming/public_repos/Gherkin-cuc/features/go_to_website.feature">
            </property>
        </properties>
        <testcase name="Given that I am on &quot;https://www.willys.se&quot;" classname="click-accept-cookie-button;going-to-willys-and-pressing-the-accept-cookies-button" time="1.693004">
        </testcase>
        <testcase name="When I click the accept cookies button" classname="click-accept-cookie-button;going-to-willys-and-pressing-the-accept-cookies-button" time="1.2941665">
        </testcase>
    </testsuite>
</testsuites>